<html>
<body>
<pre>
<h1>µVision Build Log</h1>
<h2>Tool Versions:</h2>
IDE-Version: ¦ÌVision V5.40.0.0
Copyright (C) 2024 ARM Ltd and ARM Germany GmbH. All rights reserved.
License Information: 111 2174064279@qq.com, 11, LIC=65ISZ-JT4AM-30PNC-7ZQH4-43UT7-8GMRY
 
Tool Versions:
Toolchain:       MDK-ARM Plus  Version: 5.40.0.3
Toolchain Path:  D:\keil\ARM\ARMCC\Bin
C Compiler:      Armcc.exe V5.06 update 5 (build 528)
Assembler:       Armasm.exe V5.06 update 5 (build 528)
Linker/Locator:  ArmLink.exe V5.06 update 5 (build 528)
Library Manager: ArmAr.exe V5.06 update 5 (build 528)
Hex Converter:   FromElf.exe V5.06 update 5 (build 528)
CPU DLL:         SARMCM3.DLL V5.40.0.3
Dialog DLL:      DCM.DLL V1.17.5.0
Target DLL:      STLink\ST-LINKIII-KEIL_SWO.dll V3.3.0.0
Dialog DLL:      TCM.DLL V1.56.4.0
 
<h2>Project:</h2>
C:\Users\21740\Desktop\STM32Project\180¶æ»ú ¸Ä270 W  (2)\Project.uvprojx
Project File Date:  07/19/2025

<h2>Output:</h2>
*** Using Compiler 'V5.06 update 5 (build 528)', folder: 'D:\keil\ARM\ARMCC\Bin'
Rebuild target 'Target 1'
compiling stm32f10x_dma.c...
compiling stm32f10x_cec.c...
compiling stm32f10x_crc.c...
compiling stm32f10x_exti.c...
compiling stm32f10x_bkp.c...
compiling stm32f10x_adc.c...
compiling stm32f10x_fsmc.c...
compiling stm32f10x_pwr.c...
compiling misc.c...
compiling stm32f10x_can.c...
compiling stm32f10x_gpio.c...
compiling stm32f10x_iwdg.c...
compiling stm32f10x_i2c.c...
compiling stm32f10x_flash.c...
compiling stm32f10x_dbgmcu.c...
compiling stm32f10x_dac.c...
compiling stm32f10x_rcc.c...
compiling stm32f10x_rtc.c...
compiling stm32f10x_tim.c...
compiling stm32f10x_sdio.c...
compiling stm32f10x_spi.c...
compiling stm32f10x_usart.c...
assembling startup_stm32f10x_md.s...
compiling core_cm3.c...
compiling stm32f10x_wwdg.c...
compiling system_stm32f10x.c...
compiling Delay.c...
compiling Key.c...
compiling LED.c...
compiling stm32f10x_it.c...
compiling OLED.c...
compiling main.c...
.\Hardware\Servo.h(24): warning:  #1-D: last line of file ends without a newline
  #endif
User\main.c: 1 warning, 0 errors
compiling PWM.c...
compiling Servo.c...
Hardware\Servo.h(24): warning:  #1-D: last line of file ends without a newline
  #endif
Hardware\Servo.c(107): warning:  #1-D: last line of file ends without a newline
  }
Hardware\Servo.c: 2 warnings, 0 errors
linking...
Program Size: Code=4302 RO-data=1774 RW-data=0 ZI-data=1632  
".\Objects\Project.axf" - 0 Error(s), 3 Warning(s).

<h2>Software Packages used:</h2>

Package Vendor: Keil
                http://www.keil.com/pack/Keil.STM32F1xx_DFP.2.3.0.pack
                Keil::STM32F1xx_DFP@2.3.0
                STMicroelectronics STM32F1 Series Device Support, Drivers and Examples

<h2>Collection of Component include folders:</h2>
  D:/keil/ARM/PACK/Keil/STM32F1xx_DFP/2.3.0/Device/Include

<h2>Collection of Component Files used:</h2>
Build Time Elapsed:  00:00:05
</pre>
</body>
</html>
